// Jest Snapshot v1, https://goo.gl/fbAQLP

exports[`SliderContainer  should render successfully 1`] = `
<div>
  <span>
    Test
  </span>
</div>
`;
